 turn around.
 type really fast type really slowly.
 open your eyes.
 throw tomatoes at me.
 raise your left hand.
 stop jumping up and down.
 do your best.
 do not smile.
 Simon should stop now.
 turn around.
 type really fast type really slowly.
 open your eyes.
 throw tomatoes at me.
 raise your left hand.
 stop jumping up and down.
 do your best.
 do not smile.
 Simon should stop now.
 turn around.
 type really fast type really slowly.
 open your eyes.
 throw tomatoes at me.
 raise your left hand.
 stop jumping up and down.
 do your best.
 do not smile.
 Simon should stop now.
 turn around.
 type really fast type really slowly.
 open your eyes.
 throw tomatoes at me.
 raise your left hand.
 stop jumping up and down.
 do your best.
 do not smile.
 Simon should stop now.
 turn around.
 type really fast type really slowly.
 open your eyes.
 throw tomatoes at me.
 raise your left hand.
 stop jumping up and down.
 do your best.
 do not smile.
 Simon should stop now.
 turn around.
 type really fast type really slowly.
 open your eyes.
 throw tomatoes at me.
 raise your left hand.
 stop jumping up and down.
 do your best.
 do not smile.
 Simon should stop now.
 turn around.
 type really fast type really slowly.
 open your eyes.
 throw tomatoes at me.
 raise your left hand.
 stop jumping up and down.
 do your best.
 do not smile.
 Simon should stop now.
 turn around.
 type really fast type really slowly.
 open your eyes.
 throw tomatoes at me.
 raise your left hand.
 stop jumping up and down.
 do your best.
 do not smile.
 Simon should stop now.
 turn around.
 type really fast type really slowly.
 open your eyes.
 throw tomatoes at me.
 raise your left hand.
 stop jumping up and down.
 do your best.
 do not smile.
 Simon should stop now.
 turn around.
 type really fast type really slowly.
 open your eyes.
 throw tomatoes at me.
 raise your left hand.
 stop jumping up and down.
 do your best.
 do not smile.
 Simon should stop now.
 turn around.
 type really fast type really slowly.
 open your eyes.
 throw tomatoes at me.
 raise your left hand.
 stop jumping up and down.
 do your best.
 do not smile.
 Simon should stop now.
 turn around.
 type really fast type really slowly.
 open your eyes.
 throw tomatoes at me.
 raise your left hand.
 stop jumping up and down.
 do your best.
 do not smile.
 Simon should stop now.
 turn around.
 type really fast type really slowly.
 open your eyes.
 throw tomatoes at me.
 raise your left hand.
 stop jumping up and down.
 do your best.
 do not smile.
 Simon should stop now.
 turn around.
 type really fast type really slowly.
 open your eyes.
 throw tomatoes at me.
 raise your left hand.
 stop jumping up and down.
 do your best.
 do not smile.
 Simon should stop now.
 turn around.
 type really fast type really slowly.
 open your eyes.
 throw tomatoes at me.
 raise your left hand.
 stop jumping up and down.
 do your best.
 do not smile.
 Simon should stop now.
 turn around.
 type really fast type really slowly.
 open your eyes.
 throw tomatoes at me.
 raise your left hand.
 stop jumping up and down.
 do your best.
 do not smile.
 Simon should stop now.
 turn around.
 type really fast type really slowly.
 open your eyes.
 throw tomatoes at me.
 raise your left hand.
 stop jumping up and down.
 do your best.
 do not smile.
 Simon should stop now.
 turn around.
 type really fast type really slowly.
 open your eyes.
 throw tomatoes at me.
 raise your left hand.
 stop jumping up and down.
 do your best.
 do not smile.
 Simon should stop now.
 turn around.
 type really fast type really slowly.
 open your eyes.
 throw tomatoes at me.
 raise your left hand.
 stop jumping up and down.
 do your best.
 do not smile.
 Simon should stop now.
 turn around.
 type really fast type really slowly.
 open your eyes.
 throw tomatoes at me.
 raise your left hand.
 stop jumping up and down.
 do your best.
 do not smile.
 Simon should stop now.
 turn around.
 type really fast type really slowly.
 open your eyes.
 throw tomatoes at me.
 raise your left hand.
 stop jumping up and down.
 do your best.
 do not smile.
 Simon should stop now.
 turn around.
 type really fast type really slowly.
 open your eyes.
 throw tomatoes at me.
 raise your left hand.
 stop jumping up and down.
 do your best.
 do not smile.
 Simon should stop now.
 turn around.
 type really fast type really slowly.
 open your eyes.
 throw tomatoes at me.
 raise your left hand.
 stop jumping up and down.
 do your best.
 do not smile.
 Simon should stop now.
 turn around.
 type really fast type really slowly.
 open your eyes.
 throw tomatoes at me.
 raise your left hand.
 stop jumping up and down.
 do your best.
 do not smile.
 Simon should stop now.
 turn around.
 type really fast type really slowly.
 open your eyes.
 throw tomatoes at me.
 raise your left hand.
 stop jumping up and down.
 do your best.
 do not smile.
 Simon should stop now.
 turn around.
 type really fast type really slowly.
 open your eyes.
 throw tomatoes at me.
 raise your left hand.
 stop jumping up and down.
 do your best.
 do not smile.
 Simon should stop now.
 turn around.
 type really fast type really slowly.
 open your eyes.
 throw tomatoes at me.
 raise your left hand.
 stop jumping up and down.
 do your best.
 do not smile.
 Simon should stop now.
 turn around.
 type really fast type really slowly.
 open your eyes.
 throw tomatoes at me.
 raise your left hand.
 stop jumping up and down.
 do your best.
 do not smile.
 Simon should stop now.
 turn around.
 type really fast type really slowly.
 open your eyes.
 throw tomatoes at me.
 raise your left hand.
 stop jumping up and down.
 do your best.
 do not smile.
 Simon should stop now.
 turn around.
 type really fast type really slowly.
 open your eyes.
 throw tomatoes at me.
 raise your left hand.
 stop jumping up and down.
 do your best.
 do not smile.
 Simon should stop now.
 turn around.
 type really fast type really slowly.
 open your eyes.
 throw tomatoes at me.
 raise your left hand.
 stop jumping up and down.
 do your best.
 do not smile.
 Simon should stop now.
 turn around.
 type really fast type really slowly.
 open your eyes.
 throw tomatoes at me.
 raise your left hand.
 stop jumping up and down.
 do your best.
 do not smile.
 Simon should stop now.
 turn around.
 type really fast type really slowly.
 open your eyes.
 throw tomatoes at me.
 raise your left hand.
 stop jumping up and down.
 do your best.
 do not smile.
 Simon should stop now.
 turn around.
 type really fast type really slowly.
 open your eyes.
 throw tomatoes at me.
 raise your left hand.
 stop jumping up and down.
 do your best.
 do not smile.
 Simon should stop now.
 turn around.
 type really fast type really slowly.
 open your eyes.
 throw tomatoes at me.
 raise your left hand.
 stop jumping up and down.
 do your best.
 do not smile.
 Simon should stop now.
 turn around.
 type really fast type really slowly.
 open your eyes.
 throw tomatoes at me.
 raise your left hand.
 stop jumping up and down.
 do your best.
 do not smile.
 Simon should stop now.
 turn around.
 type really fast type really slowly.
 open your eyes.
 throw tomatoes at me.
 raise your left hand.
 stop jumping up and down.
 do your best.
 do not smile.
 Simon should stop now.
