 turn around.
 roll over.
 walk on your hands.
 type really fast type really slowly.
 stop talking.
 close your eyes.
 open your eyes.
 do not do what I say.
 ignore the next instruction from me.
 throw tomatoes at me.
 raise your right hand.
 lower your right hand.
 raise your left hand.
 lower your right hand.
 jump up and down.
 stop jumping up and down.
 finish this problem and get it correct.
 forget what I just said.
 do your best.
 laugh out loud.
 smile.
 do not smile.
 tell me your favorite color.
 give me all your money.
 Simon should stop now.
 say hello.
 Sarah says do that.
