missing y
pangram
missing beijnstxyz
missing abcdefghjklmnqrstuvxyz
missing adefghjnrw
pangram
missing abcdeiklmoprstwxyz
missing abdfgiklmotx
missing aegilmprswxz
missing bejorsty
pangram
pangram
missing abeghijkpqrsuvyz
missing abdefgjklmnopqrsuvwxyz
missing acdefghijlmnoprstvyz
pangram
pangram
missing bcfl
missing eop
pangram
pangram
missing bcdeghjnqw
pangram
pangram
missing abdefghijlmnopqrsuvwxz
missing bcefghijklnopqrstuvwxyz
missing abcdefghijlmorsuvwxyz
missing abcfghjkmnoqrstuvwxz
pangram
missing knouw
